168  [main] INFO  model.store.Store - initiating Store Instance
169  [main] INFO  model.store.Store - adding key to name map in hashmap productsInStore
171  [main] INFO  model.store.Store - adding key to price map in hashmap productsInStore
172  [main] INFO  model.store.Store - adding key to category map in hashmap productsInStore
173  [main] INFO  model.store.Store - Hello World
173  [main] WARN  model.store.Store - Hello World
173  [main] ERROR model.store.Store - Hello World
174  [main] INFO  service.ShoppingService - showing products on screen
181  [main] INFO  service.ProductInputService - shopping processing, taking input for model.billing.product
168  [main] INFO  model.store.Store - initiating Store Instance
169  [main] INFO  model.store.Store - adding key to name map in hashmap productsInStore
172  [main] INFO  model.store.Store - adding key to price map in hashmap productsInStore
172  [main] INFO  model.store.Store - adding key to category map in hashmap productsInStore
174  [main] INFO  model.store.Store - Hello World
174  [main] WARN  model.store.Store - Hello World
174  [main] ERROR model.store.Store - Hello World
175  [main] INFO  service.ShoppingService - showing products on screen
185  [main] INFO  service.ProductInputService - shopping processing, taking input for model.billing.product
167  [main] INFO  model.store.Store - initiating Store Instance
169  [main] INFO  model.store.Store - adding key to name map in hashmap productsInStore
170  [main] INFO  model.store.Store - adding key to price map in hashmap productsInStore
171  [main] INFO  model.store.Store - adding key to category map in hashmap productsInStore
171  [main] INFO  model.store.Store - Hello World
172  [main] WARN  model.store.Store - Hello World
172  [main] ERROR model.store.Store - Hello World
172  [main] INFO  service.ShoppingService - showing products on screen
178  [main] INFO  service.ProductInputService - shopping processing, taking input for model.billing.product
161  [main] INFO  model.store.Store - initiating Store Instance
162  [main] INFO  model.store.Store - adding key to name map in hashmap productsInStore
164  [main] INFO  model.store.Store - adding key to price map in hashmap productsInStore
165  [main] INFO  model.store.Store - adding key to category map in hashmap productsInStore
165  [main] INFO  model.store.Store - Hello World
165  [main] WARN  model.store.Store - Hello World
165  [main] ERROR model.store.Store - Hello World
167  [main] INFO  service.ShoppingService - showing products on screen
174  [main] INFO  service.ProductInputService - shopping processing, taking input for model.billing.product
